
> komoe@0.1.0 build
> next build

Ôû▓ Next.js 16.2.4 (Turbopack)
- Environments: .env.local

  Creating an optimized production build ...
Ô£ô Compiled successfully in 5.3s
  Running TypeScript ...
node.exe : Failed to type check.
Au caractère Ligne:1 : 1
+ & "C:\Program Files\nodejs/node.exe" "C:\Program Files\nodejs/node_mo ...
+ ~~~~~~~~~~~~~~~~~~~~~~~~~~~~~~~~~~~~~~~~~~~~~~~~~~~~~~~~~~~~~~~~~~~~~
    + CategoryInfo          : NotSpecified: (Failed to type check.:String) [], RemoteException
    + FullyQualifiedErrorId : NativeCommandError
 

.next/dev/types/validator.ts:24:44
Type error: Type 'Route' does not satisfy the constraint 'LayoutRoutes'.
  Type 'import("C:/Users/silve/Desktop/PROJETS FINALISER/komoe/.next/dev/types/routes").LayoutRoutes' is not 
assignable to type 'import("C:/Users/silve/Desktop/PROJETS FINALISER/komoe/.next/types/routes").LayoutRoutes'.
    Type '"/finance"' is not assignable to type 'LayoutRoutes'.

  [90m22 |[0m
  [90m23 |[0m [36mtype[0m [33mLayoutConfig[0m<[33mRoute[0m [36mextends[0m [33mLayoutRoutes[0m = 
[33mLayoutRoutes[0m> = {
[31m[1m>[0m [90m24 |[0m   [36mdefault[0m: 
[33mReact[0m.[33mComponentType[0m<[33mLayoutProps[0m<[33mRoute[0m>> | ((props: 
[33mLayoutProps[0m<[33mRoute[0m>) => [33mReact[0m.[33m..[0m
  [90m   |[0m                                            [31m[1m^[0m
  [90m25 |[0m   generateStaticParams?: (props: { params: [33mParamMap[0m[[33mRoute[0m] }) => 
[33mPromise[0m<any[]> | any[]
  [90m26 |[0m   generateMetadata?: (
  [90m27 |[0m     props: { params: [33mPromise[0m<[33mParamMap[0m[[33mRoute[0m]> } & any,
Next.js build worker exited with code: 1 and signal: null
